// Jest Snapshot v1, https://goo.gl/fbAQLP

exports[`relayMutationPlugin basic behavior should resolve all fields correctly 1`] = `
Object {
  "data": Object {
    "add": Object {
      "result": 3,
    },
  },
}
`;

exports[`relayMutationPlugin basic behavior should work correctly 1`] = `
"input AddInput {
  number1: Int!
  number2: Int!
  clientMutationId: String
}

type AddPayload {
  result: Int!
  clientMutationId: String
}

type Query {
  ok: Boolean!
}

type Mutation {
  add(input: AddInput!): AddPayload!
}
"
`;

exports[`relayMutationPlugin error handling should throw error caught on async mutateAndGetPayload call 1`] = `
Object {
  "data": null,
  "errors": Array [
    [GraphQLError: That happened],
  ],
}
`;

exports[`relayMutationPlugin error handling should throw error caught on sync mutateAndGetPayload call 1`] = `
Object {
  "data": null,
  "errors": Array [
    [GraphQLError: That happened],
  ],
}
`;
