/**
 * This file was generated by Nexus Schema
 * Do not make changes to this file directly
 */


import { core } from "@nexus/schema"
import { RelayMutationNexusFieldConfig } from "@jcm/nexus-plugin-relay-mutation"

declare global {
  interface NexusGenCustomOutputMethods<TypeName extends string> {
    relayMutation<FieldName extends string>(
            fieldName: FieldName, 
            config: RelayMutationNexusFieldConfig<TypeName, FieldName>
          ): void
  }
}


declare global {
  interface NexusGen extends NexusGenTypes {}
}

export interface NexusGenInputs {
  addInput: { // input type
    clientMutationId?: string | null; // String
    number1: number; // Int!
    number2: number; // Int!
  }
}

export interface NexusGenEnums {
}

export interface NexusGenRootTypes {
  Mutation: {};
  Query: {};
  addPayload: { // root type
    clientMutationId?: string | null; // String
    result: number; // Int!
  }
  String: string;
  Int: number;
  Float: number;
  Boolean: boolean;
  ID: string;
}

export interface NexusGenAllTypes extends NexusGenRootTypes {
  addInput: NexusGenInputs['addInput'];
}

export interface NexusGenFieldTypes {
  Mutation: { // field return type
    add: NexusGenRootTypes['addPayload']; // addPayload!
  }
  Query: { // field return type
    ok: boolean; // Boolean!
  }
  addPayload: { // field return type
    clientMutationId: string | null; // String
    result: number; // Int!
  }
}

export interface NexusGenArgTypes {
  Mutation: {
    add: { // args
      input: NexusGenInputs['addInput']; // addInput!
    }
  }
}

export interface NexusGenAbstractResolveReturnTypes {
}

export interface NexusGenInheritedFields {}

export type NexusGenObjectNames = "Mutation" | "Query" | "addPayload";

export type NexusGenInputNames = "addInput";

export type NexusGenEnumNames = never;

export type NexusGenInterfaceNames = never;

export type NexusGenScalarNames = "Boolean" | "Float" | "ID" | "Int" | "String";

export type NexusGenUnionNames = never;

export interface NexusGenTypes {
  context: any;
  inputTypes: NexusGenInputs;
  rootTypes: NexusGenRootTypes;
  argTypes: NexusGenArgTypes;
  fieldTypes: NexusGenFieldTypes;
  allTypes: NexusGenAllTypes;
  inheritedFields: NexusGenInheritedFields;
  objectNames: NexusGenObjectNames;
  inputNames: NexusGenInputNames;
  enumNames: NexusGenEnumNames;
  interfaceNames: NexusGenInterfaceNames;
  scalarNames: NexusGenScalarNames;
  unionNames: NexusGenUnionNames;
  allInputTypes: NexusGenTypes['inputNames'] | NexusGenTypes['enumNames'] | NexusGenTypes['scalarNames'];
  allOutputTypes: NexusGenTypes['objectNames'] | NexusGenTypes['enumNames'] | NexusGenTypes['unionNames'] | NexusGenTypes['interfaceNames'] | NexusGenTypes['scalarNames'];
  allNamedTypes: NexusGenTypes['allInputTypes'] | NexusGenTypes['allOutputTypes']
  abstractTypes: NexusGenTypes['interfaceNames'] | NexusGenTypes['unionNames'];
  abstractResolveReturn: NexusGenAbstractResolveReturnTypes;
}


declare global {
  interface NexusGenPluginTypeConfig<TypeName extends string> {
  }
  interface NexusGenPluginFieldConfig<TypeName extends string, FieldName extends string> {
    
    
  }
  interface NexusGenPluginSchemaConfig {
  }
}